
> tmp-app@0.1.0 build
> next build

Γû▓ Next.js 16.1.6 (Turbopack)

  Creating an optimized production build ...
Γ£ô Compiled successfully in 2.9s
  Running TypeScript ...
  Collecting page data using 15 workers ...
  Generating static pages using 15 workers (0/5) ...
node.exe : Error 
occurred prerendering 
page "/". Read more: ht
tps://nextjs.org/docs/m
essages/prerender-error
At line:1 char:1
+ & "C:\Program 
Files\nodejs/node.exe" 
"C:\Program 
Files\nodejs/node_mo 
...
+ ~~~~~~~~~~~~~~~~~~~~~
~~~~~~~~~~~~~~~~~~~~~~~
~~~~~~~~~~~~~~~~~~~~~~~
~~
    + CategoryInfo     
         : NotSpecifi  
  ed: (Error occurre   
 d ...prerender-err    
or:String) [], Rem    
oteException
    + FullyQualifiedEr 
   rorId : NativeComm  
  andError
 
Error [FirebaseError]: 
Firebase: Error 
(auth/invalid-api-key).
    at bL (C:\Users\lus
hl\OneDrive\Desktop\Lus
h-Website-2026\.next\se
rver\chunks\ssr\[root-o
f-the-server]__bf8b80ce
._.js:3:326755)
    at bM (C:\Users\lus
hl\OneDrive\Desktop\Lus
h-Website-2026\.next\se
rver\chunks\ssr\[root-o
f-the-server]__bf8b80ce
._.js:3:326804)
    at 
ah.instanceFactory (C:\
Users\lushl\OneDrive\De
sktop\Lush-Website-2026
\.next\server\chunks\ss
r\[root-of-the-server]_
_bf8b80ce._.js:3:376263
)
    at aj.getOrInitiali
zeService (C:\Users\lus
hl\OneDrive\Desktop\Lus
h-Website-2026\.next\se
rver\chunks\ssr\[root-o
f-the-server]__bf8b80ce
._.js:3:307021)
    at aj.initialize (C
:\Users\lushl\OneDrive\
Desktop\Lush-Website-20
26\.next\server\chunks\
ssr\[root-of-the-server
]__bf8b80ce._.js:3:3064
29)
    at cV (C:\Users\lus
hl\OneDrive\Desktop\Lus
h-Website-2026\.next\se
rver\chunks\ssr\[root-o
f-the-server]__bf8b80ce
._.js:3:364207)
    at dy (C:\Users\lus
hl\OneDrive\Desktop\Lus
h-Website-2026\.next\se
rver\chunks\ssr\[root-o
f-the-server]__bf8b80ce
._.js:3:376901)
    at module 
evaluation (C:\Users\lu
shl\OneDrive\Desktop\Lu
sh-Website-2026\.next\s
erver\chunks\ssr\[root-
of-the-server]__bf8b80c
e._.js:15:20822)
    at 
instantiateModule (C:\U
sers\lushl\OneDrive\Des
ktop\Lush-Website-2026\
.next\server\chunks\ssr
\[turbopack]_runtime.js
:740:9)
    at getOrInstantiate
ModuleFromParent (C:\Us
ers\lushl\OneDrive\Desk
top\Lush-Website-2026\.
next\server\chunks\ssr\
[turbopack]_runtime.js:
763:12) {
  code: 
'auth/invalid-api-key',
  customData: [Object],
  digest: '2722523649'
}
Export encountered an 
error on /page: /, 
exiting the build.
Γ¿» Next.js build 
worker exited with 
code: 1 and signal: 
null
